# Bake Begins!
### (1 of 6) Copy sources
$ cp -a /home/travis/build/fontdirectory/lobstertwo/METADATA.json /home/travis/build/fontdirectory/lobstertwo/builds/build
$ cp -a /home/travis/build/fontdirectory/lobstertwo/DESCRIPTION.en_us.html /home/travis/build/fontdirectory/lobstertwo/builds/build
$ cp -a /home/travis/build/fontdirectory/lobstertwo/FONTLOG.txt /home/travis/build/fontdirectory/lobstertwo/builds/build
$ cp -a LobsterTwo-Bold.ttf.ttx LobsterTwo-Regular.ttf.ttx LobsterTwo-Italic.ttf.ttx LobsterTwo-BoldItalic.ttf.ttx src/LobsterTwo-BoldItalic.otf.ttx src/LobsterTwo-Bold.otf.ttx src/LobsterTwo-Regular.otf.ttx src/LobsterTwo-Italic.otf.ttx LobsterTwo-Bold.ttf.O_S_2f_2.ttx LobsterTwo-Bold.ttf._n_a_m_e.ttx LobsterTwo-Bold.ttf._p_o_s_t.ttx LobsterTwo-Bold.ttf._c_v_t.ttx LobsterTwo-Bold.ttf.GlyphOrder.ttx LobsterTwo-Bold.ttf._f_p_g_m.ttx LobsterTwo-Bold.ttf.G_S_U_B_.ttx LobsterTwo-Bold.ttf.V_D_M_X_.ttx LobsterTwo-Bold.ttf.L_T_S_H_.ttx LobsterTwo-Bold.ttf._l_o_c_a.ttx LobsterTwo-Bold.ttf._h_h_e_a.ttx LobsterTwo-Bold.ttf._h_m_t_x.ttx LobsterTwo-Bold.ttf._c_m_a_p.ttx LobsterTwo-Bold.ttf._h_d_m_x.ttx LobsterTwo-Bold.ttf._g_l_y_f.ttx LobsterTwo-Bold.ttf.G_P_O_S_.ttx LobsterTwo-Bold.ttf._p_r_e_p.ttx LobsterTwo-Bold.ttf.G_D_E_F_.ttx LobsterTwo-Bold.ttf._m_a_x_p.ttx LobsterTwo-Bold.ttf._k_e_r_n.ttx LobsterTwo-Bold.ttf._h_e_a_d.ttx LobsterTwo-Regular.ttf._g_l_y_f.ttx LobsterTwo-Regular.ttf._h_h_e_a.ttx LobsterTwo-Regular.ttf._n_a_m_e.ttx LobsterTwo-Regular.ttf._p_r_e_p.ttx LobsterTwo-Regular.ttf._f_p_g_m.ttx LobsterTwo-Regular.ttf._k_e_r_n.ttx LobsterTwo-Regular.ttf._p_o_s_t.ttx LobsterTwo-Regular.ttf.G_P_O_S_.ttx LobsterTwo-Regular.ttf._h_d_m_x.ttx LobsterTwo-Regular.ttf._h_m_t_x.ttx LobsterTwo-Regular.ttf.V_D_M_X_.ttx LobsterTwo-Regular.ttf._c_m_a_p.ttx LobsterTwo-Regular.ttf._m_a_x_p.ttx LobsterTwo-Regular.ttf._h_e_a_d.ttx LobsterTwo-Regular.ttf.G_D_E_F_.ttx LobsterTwo-Regular.ttf.O_S_2f_2.ttx LobsterTwo-Regular.ttf._l_o_c_a.ttx LobsterTwo-Regular.ttf.G_S_U_B_.ttx LobsterTwo-Regular.ttf.L_T_S_H_.ttx LobsterTwo-Regular.ttf._c_v_t.ttx LobsterTwo-Regular.ttf.GlyphOrder.ttx LobsterTwo-Italic.ttf.L_T_S_H_.ttx LobsterTwo-Italic.ttf._h_h_e_a.ttx LobsterTwo-Italic.ttf.G_S_U_B_.ttx LobsterTwo-Italic.ttf._p_o_s_t.ttx LobsterTwo-Italic.ttf.O_S_2f_2.ttx LobsterTwo-Italic.ttf.V_D_M_X_.ttx LobsterTwo-Italic.ttf._c_m_a_p.ttx LobsterTwo-Italic.ttf._p_r_e_p.ttx LobsterTwo-Italic.ttf._k_e_r_n.ttx LobsterTwo-Italic.ttf.G_P_O_S_.ttx LobsterTwo-Italic.ttf._m_a_x_p.ttx LobsterTwo-Italic.ttf._n_a_m_e.ttx LobsterTwo-Italic.ttf._l_o_c_a.ttx LobsterTwo-Italic.ttf._h_m_t_x.ttx LobsterTwo-Italic.ttf._c_v_t.ttx LobsterTwo-Italic.ttf._g_l_y_f.ttx LobsterTwo-Italic.ttf._f_p_g_m.ttx LobsterTwo-Italic.ttf._h_e_a_d.ttx LobsterTwo-Italic.ttf.GlyphOrder.ttx LobsterTwo-Italic.ttf._h_d_m_x.ttx LobsterTwo-Italic.ttf.G_D_E_F_.ttx LobsterTwo-BoldItalic.ttf._p_o_s_t.ttx LobsterTwo-BoldItalic.ttf._h_e_a_d.ttx LobsterTwo-BoldItalic.ttf._h_h_e_a.ttx LobsterTwo-BoldItalic.ttf._g_l_y_f.ttx LobsterTwo-BoldItalic.ttf.G_S_U_B_.ttx LobsterTwo-BoldItalic.ttf.G_P_O_S_.ttx LobsterTwo-BoldItalic.ttf._p_r_e_p.ttx LobsterTwo-BoldItalic.ttf._f_p_g_m.ttx LobsterTwo-BoldItalic.ttf._h_d_m_x.ttx LobsterTwo-BoldItalic.ttf.GlyphOrder.ttx LobsterTwo-BoldItalic.ttf.V_D_M_X_.ttx LobsterTwo-BoldItalic.ttf._m_a_x_p.ttx LobsterTwo-BoldItalic.ttf._c_v_t.ttx LobsterTwo-BoldItalic.ttf.G_D_E_F_.ttx LobsterTwo-BoldItalic.ttf._n_a_m_e.ttx LobsterTwo-BoldItalic.ttf._c_m_a_p.ttx LobsterTwo-BoldItalic.ttf.O_S_2f_2.ttx LobsterTwo-BoldItalic.ttf._h_m_t_x.ttx LobsterTwo-BoldItalic.ttf._l_o_c_a.ttx LobsterTwo-BoldItalic.ttf.L_T_S_H_.ttx LobsterTwo-BoldItalic.ttf._k_e_r_n.ttx src/LobsterTwo-BoldItalic.otf.O_S_2f_2.ttx src/LobsterTwo-BoldItalic.otf._c_m_a_p.ttx src/LobsterTwo-BoldItalic.otf._m_a_x_p.ttx src/LobsterTwo-BoldItalic.otf._h_h_e_a.ttx src/LobsterTwo-BoldItalic.otf._p_o_s_t.ttx src/LobsterTwo-BoldItalic.otf.G_P_O_S_.ttx src/LobsterTwo-BoldItalic.otf.GlyphOrder.ttx src/LobsterTwo-BoldItalic.otf._h_e_a_d.ttx src/LobsterTwo-BoldItalic.otf.C_F_F_.ttx src/LobsterTwo-BoldItalic.otf._k_e_r_n.ttx src/LobsterTwo-BoldItalic.otf._n_a_m_e.ttx src/LobsterTwo-BoldItalic.otf._h_m_t_x.ttx src/LobsterTwo-BoldItalic.otf.G_S_U_B_.ttx src/LobsterTwo-Bold.otf.GlyphOrder.ttx src/LobsterTwo-Bold.otf.C_F_F_.ttx src/LobsterTwo-Bold.otf._n_a_m_e.ttx src/LobsterTwo-Bold.otf.G_P_O_S_.ttx src/LobsterTwo-Bold.otf.G_S_U_B_.ttx src/LobsterTwo-Bold.otf.O_S_2f_2.ttx src/LobsterTwo-Bold.otf._h_h_e_a.ttx src/LobsterTwo-Bold.otf._h_m_t_x.ttx src/LobsterTwo-Bold.otf._h_e_a_d.ttx src/LobsterTwo-Bold.otf._c_m_a_p.ttx src/LobsterTwo-Bold.otf._p_o_s_t.ttx src/LobsterTwo-Bold.otf._m_a_x_p.ttx src/LobsterTwo-Bold.otf._k_e_r_n.ttx src/LobsterTwo-Regular.otf._k_e_r_n.ttx src/LobsterTwo-Regular.otf._h_m_t_x.ttx src/LobsterTwo-Regular.otf.O_S_2f_2.ttx src/LobsterTwo-Regular.otf._p_o_s_t.ttx src/LobsterTwo-Regular.otf._c_m_a_p.ttx src/LobsterTwo-Regular.otf._h_e_a_d.ttx src/LobsterTwo-Regular.otf._m_a_x_p.ttx src/LobsterTwo-Regular.otf.G_S_U_B_.ttx src/LobsterTwo-Regular.otf._h_h_e_a.ttx src/LobsterTwo-Regular.otf._n_a_m_e.ttx src/LobsterTwo-Regular.otf.GlyphOrder.ttx src/LobsterTwo-Regular.otf.G_P_O_S_.ttx src/LobsterTwo-Regular.otf.C_F_F_.ttx src/LobsterTwo-Italic.otf.G_S_U_B_.ttx src/LobsterTwo-Italic.otf._k_e_r_n.ttx src/LobsterTwo-Italic.otf.O_S_2f_2.ttx src/LobsterTwo-Italic.otf._h_e_a_d.ttx src/LobsterTwo-Italic.otf._h_h_e_a.ttx src/LobsterTwo-Italic.otf.C_F_F_.ttx src/LobsterTwo-Italic.otf.GlyphOrder.ttx src/LobsterTwo-Italic.otf._p_o_s_t.ttx src/LobsterTwo-Italic.otf.G_P_O_S_.ttx src/LobsterTwo-Italic.otf._n_a_m_e.ttx src/LobsterTwo-Italic.otf._m_a_x_p.ttx src/LobsterTwo-Italic.otf._c_m_a_p.ttx src/LobsterTwo-Italic.otf._h_m_t_x.ttx /home/travis/build/fontdirectory/lobstertwo/builds/build/sources
### (2 of 6) pyfontaine
### (3 of 6) Run upstream tests
$ fontbakery-check.py upstream-repo sources
$ fontaine --collections subsets --text /home/travis/build/fontdirectory/lobstertwo/builds/build/sources/LobsterTwo-Bold.ttf.ttx /home/travis/build/fontdirectory/lobstertwo/builds/build/sources/LobsterTwo-Regular.ttf.ttx /home/travis/build/fontdirectory/lobstertwo/builds/build/sources/LobsterTwo-BoldItalic.otf.ttx /home/travis/build/fontdirectory/lobstertwo/builds/build/sources/LobsterTwo-Italic.ttf.ttx /home/travis/build/fontdirectory/lobstertwo/builds/build/sources/LobsterTwo-BoldItalic.ttf.ttx /home/travis/build/fontdirectory/lobstertwo/builds/build/sources/LobsterTwo-Bold.otf.ttx /home/travis/build/fontdirectory/lobstertwo/builds/build/sources/LobsterTwo-Regular.otf.ttx /home/travis/build/fontdirectory/lobstertwo/builds/build/sources/LobsterTwo-Italic.otf.ttx > fontaine.txt
bakery_lint.tests.upstream.test_diacritic.TestDiacritic.test_diacritic_made_as_component(): OK
bakery_lint.tests.upstream.test_diacritic.TestDiacritic.test_diacritic_made_as_mark_to_mark(): OK
bakery_lint.tests.upstream.test_diacritic.TestDiacritic.test_diacritic_made_as_own_glyphs(): OK
WARNING: Please install [PyICU](https://pypi.python.org/pypi/PyICU) toenable [feature], perhaps with: pip install pyicu
end of pyfontaine process
bakery_lint.tests.upstream.test_prepolation.FontTestPrepolation.test_font_prepolation_glyph_contours(): OK
bakery_lint.tests.upstream.test_prepolation.FontTestPrepolation.test_font_prepolation_glyph_points(): OK
bakery_lint.tests.upstream.test_prepolation.FontTestPrepolation.test_font_test_prepolation_glyph_names(): OK
bakery_lint.tests.upstream.test_check_upstream_sources.ProjectUpstreamTestCase.test_bakery_yaml_exists(): OK
bakery_lint.tests.upstream.test_check_upstream_sources.ProjectUpstreamTestCase.test_copyright_notices_same_across_family(): OK
bakery_lint.tests.upstream.test_check_upstream_sources.ProjectUpstreamTestCase.test_description_html_exists(): OK
bakery_lint.tests.upstream.test_check_upstream_sources.ProjectUpstreamTestCase.test_fontlog_txt_exists(): OK
bakery_lint.tests.upstream.test_check_upstream_sources.ProjectUpstreamTestCase.test_metadata_json_exists(): OK
$ fontbakery-check.py upstream-ttx LobsterTwo-Bold.ttf.ttx
bakery_lint.tests.upstream.test_font_filename_eq_familystyle.TestTTFSourceFontFileNameEqualsFamilyStyle.test_source_ttf_font_filename_equals_familystyle(): FAIL
$ mv /home/travis/build/fontdirectory/lobstertwo/builds/build/sources/LobsterTwo-Bold.ttf.ttx /home/travis/build/fontdirectory/lobstertwo/builds/build/sources/LobsterTwo-Bold.ttx
bakery_lint.tests.upstream.test_font_filename_eq_familystyle.TestTTFSourceFontFileNameEqualsFamilyStyle.test_source_ttf_font_filename_equals_familystyle(): OK
bakery_lint.tests.upstream.test_check_ttx_requirements.SourceTTXTest.test_epar_in_keys(): FAIL
bakery_lint.tests.upstream.test_check_ttx_requirements.SourceTTXTest.test_os2_in_keys(): OK
bakery_lint.tests.upstream.test_check_ttx_requirements.SourceTTXTest.test_ttx_doesnt_contain_duplicate_glyphs(): OK
bakery_lint.tests.upstream.test_glyphname_does_not_contain_disallowed_chars.TestGlyphNameDoesNotContainsDisallowedChars.test_glyphname_does_not_contain_disallowed_chars(): OK
bakery_lint.tests.upstream.test_check_ttx_fontfamily_recommendations.TTX_FontFamilyNamingTest.test_ttx_family_naming_recommendation(): OK
$ fontbakery-check.py upstream-ttx LobsterTwo-Regular.ttf.ttx
bakery_lint.tests.upstream.test_font_filename_eq_familystyle.TestTTFSourceFontFileNameEqualsFamilyStyle.test_source_ttf_font_filename_equals_familystyle(): FAIL
$ mv /home/travis/build/fontdirectory/lobstertwo/builds/build/sources/LobsterTwo-Regular.ttf.ttx /home/travis/build/fontdirectory/lobstertwo/builds/build/sources/LobsterTwo-Regular.ttx
bakery_lint.tests.upstream.test_font_filename_eq_familystyle.TestTTFSourceFontFileNameEqualsFamilyStyle.test_source_ttf_font_filename_equals_familystyle(): OK
bakery_lint.tests.upstream.test_check_ttx_requirements.SourceTTXTest.test_epar_in_keys(): FAIL
bakery_lint.tests.upstream.test_check_ttx_requirements.SourceTTXTest.test_os2_in_keys(): OK
bakery_lint.tests.upstream.test_check_ttx_requirements.SourceTTXTest.test_ttx_doesnt_contain_duplicate_glyphs(): OK
bakery_lint.tests.upstream.test_glyphname_does_not_contain_disallowed_chars.TestGlyphNameDoesNotContainsDisallowedChars.test_glyphname_does_not_contain_disallowed_chars(): OK
bakery_lint.tests.upstream.test_check_ttx_fontfamily_recommendations.TTX_FontFamilyNamingTest.test_ttx_family_naming_recommendation(): OK
$ fontbakery-check.py upstream-ttx LobsterTwo-BoldItalic.otf.ttx
bakery_lint.tests.upstream.test_font_filename_eq_familystyle.TestTTFSourceFontFileNameEqualsFamilyStyle.test_source_ttf_font_filename_equals_familystyle(): FAIL
$ mv /home/travis/build/fontdirectory/lobstertwo/builds/build/sources/LobsterTwo-BoldItalic.otf.ttx /home/travis/build/fontdirectory/lobstertwo/builds/build/sources/LobsterTwo-BoldItalic.ttx
bakery_lint.tests.upstream.test_font_filename_eq_familystyle.TestTTFSourceFontFileNameEqualsFamilyStyle.test_source_ttf_font_filename_equals_familystyle(): OK
bakery_lint.tests.upstream.test_check_ttx_requirements.SourceTTXTest.test_epar_in_keys(): FAIL
bakery_lint.tests.upstream.test_check_ttx_requirements.SourceTTXTest.test_os2_in_keys(): OK
bakery_lint.tests.upstream.test_check_ttx_requirements.SourceTTXTest.test_ttx_doesnt_contain_duplicate_glyphs(): OK
bakery_lint.tests.upstream.test_glyphname_does_not_contain_disallowed_chars.TestGlyphNameDoesNotContainsDisallowedChars.test_glyphname_does_not_contain_disallowed_chars(): OK
bakery_lint.tests.upstream.test_check_ttx_fontfamily_recommendations.TTX_FontFamilyNamingTest.test_ttx_family_naming_recommendation(): OK
$ fontbakery-check.py upstream-ttx LobsterTwo-Italic.ttf.ttx
bakery_lint.tests.upstream.test_font_filename_eq_familystyle.TestTTFSourceFontFileNameEqualsFamilyStyle.test_source_ttf_font_filename_equals_familystyle(): FAIL
$ mv /home/travis/build/fontdirectory/lobstertwo/builds/build/sources/LobsterTwo-Italic.ttf.ttx /home/travis/build/fontdirectory/lobstertwo/builds/build/sources/LobsterTwo-Italic.ttx
bakery_lint.tests.upstream.test_font_filename_eq_familystyle.TestTTFSourceFontFileNameEqualsFamilyStyle.test_source_ttf_font_filename_equals_familystyle(): OK
bakery_lint.tests.upstream.test_check_ttx_requirements.SourceTTXTest.test_epar_in_keys(): FAIL
bakery_lint.tests.upstream.test_check_ttx_requirements.SourceTTXTest.test_os2_in_keys(): OK
bakery_lint.tests.upstream.test_check_ttx_requirements.SourceTTXTest.test_ttx_doesnt_contain_duplicate_glyphs(): OK
bakery_lint.tests.upstream.test_glyphname_does_not_contain_disallowed_chars.TestGlyphNameDoesNotContainsDisallowedChars.test_glyphname_does_not_contain_disallowed_chars(): OK
bakery_lint.tests.upstream.test_check_ttx_fontfamily_recommendations.TTX_FontFamilyNamingTest.test_ttx_family_naming_recommendation(): OK
$ fontbakery-check.py upstream-ttx LobsterTwo-BoldItalic.ttf.ttx
bakery_lint.tests.upstream.test_font_filename_eq_familystyle.TestTTFSourceFontFileNameEqualsFamilyStyle.test_source_ttf_font_filename_equals_familystyle(): FAIL
$ mv /home/travis/build/fontdirectory/lobstertwo/builds/build/sources/LobsterTwo-BoldItalic.ttf.ttx /home/travis/build/fontdirectory/lobstertwo/builds/build/sources/LobsterTwo-BoldItalic.ttx
bakery_lint.tests.upstream.test_font_filename_eq_familystyle.TestTTFSourceFontFileNameEqualsFamilyStyle.test_source_ttf_font_filename_equals_familystyle(): OK
bakery_lint.tests.upstream.test_check_ttx_requirements.SourceTTXTest.test_epar_in_keys(): FAIL
bakery_lint.tests.upstream.test_check_ttx_requirements.SourceTTXTest.test_os2_in_keys(): OK
bakery_lint.tests.upstream.test_check_ttx_requirements.SourceTTXTest.test_ttx_doesnt_contain_duplicate_glyphs(): OK
bakery_lint.tests.upstream.test_glyphname_does_not_contain_disallowed_chars.TestGlyphNameDoesNotContainsDisallowedChars.test_glyphname_does_not_contain_disallowed_chars(): OK
bakery_lint.tests.upstream.test_check_ttx_fontfamily_recommendations.TTX_FontFamilyNamingTest.test_ttx_family_naming_recommendation(): OK
$ fontbakery-check.py upstream-ttx LobsterTwo-Bold.otf.ttx
bakery_lint.tests.upstream.test_font_filename_eq_familystyle.TestTTFSourceFontFileNameEqualsFamilyStyle.test_source_ttf_font_filename_equals_familystyle(): FAIL
$ mv /home/travis/build/fontdirectory/lobstertwo/builds/build/sources/LobsterTwo-Bold.otf.ttx /home/travis/build/fontdirectory/lobstertwo/builds/build/sources/LobsterTwo-Bold.ttx
bakery_lint.tests.upstream.test_font_filename_eq_familystyle.TestTTFSourceFontFileNameEqualsFamilyStyle.test_source_ttf_font_filename_equals_familystyle(): OK
bakery_lint.tests.upstream.test_check_ttx_requirements.SourceTTXTest.test_epar_in_keys(): FAIL
bakery_lint.tests.upstream.test_check_ttx_requirements.SourceTTXTest.test_os2_in_keys(): OK
bakery_lint.tests.upstream.test_check_ttx_requirements.SourceTTXTest.test_ttx_doesnt_contain_duplicate_glyphs(): OK
bakery_lint.tests.upstream.test_glyphname_does_not_contain_disallowed_chars.TestGlyphNameDoesNotContainsDisallowedChars.test_glyphname_does_not_contain_disallowed_chars(): OK
bakery_lint.tests.upstream.test_check_ttx_fontfamily_recommendations.TTX_FontFamilyNamingTest.test_ttx_family_naming_recommendation(): OK
$ fontbakery-check.py upstream-ttx LobsterTwo-Regular.otf.ttx
bakery_lint.tests.upstream.test_font_filename_eq_familystyle.TestTTFSourceFontFileNameEqualsFamilyStyle.test_source_ttf_font_filename_equals_familystyle(): FAIL
$ mv /home/travis/build/fontdirectory/lobstertwo/builds/build/sources/LobsterTwo-Regular.otf.ttx /home/travis/build/fontdirectory/lobstertwo/builds/build/sources/LobsterTwo-Regular.ttx
bakery_lint.tests.upstream.test_font_filename_eq_familystyle.TestTTFSourceFontFileNameEqualsFamilyStyle.test_source_ttf_font_filename_equals_familystyle(): OK
bakery_lint.tests.upstream.test_check_ttx_requirements.SourceTTXTest.test_epar_in_keys(): FAIL
bakery_lint.tests.upstream.test_check_ttx_requirements.SourceTTXTest.test_os2_in_keys(): OK
bakery_lint.tests.upstream.test_check_ttx_requirements.SourceTTXTest.test_ttx_doesnt_contain_duplicate_glyphs(): OK
bakery_lint.tests.upstream.test_glyphname_does_not_contain_disallowed_chars.TestGlyphNameDoesNotContainsDisallowedChars.test_glyphname_does_not_contain_disallowed_chars(): OK
bakery_lint.tests.upstream.test_check_ttx_fontfamily_recommendations.TTX_FontFamilyNamingTest.test_ttx_family_naming_recommendation(): OK
$ fontbakery-check.py upstream-ttx LobsterTwo-Italic.otf.ttx
bakery_lint.tests.upstream.test_font_filename_eq_familystyle.TestTTFSourceFontFileNameEqualsFamilyStyle.test_source_ttf_font_filename_equals_familystyle(): FAIL
$ mv /home/travis/build/fontdirectory/lobstertwo/builds/build/sources/LobsterTwo-Italic.otf.ttx /home/travis/build/fontdirectory/lobstertwo/builds/build/sources/LobsterTwo-Italic.ttx
bakery_lint.tests.upstream.test_font_filename_eq_familystyle.TestTTFSourceFontFileNameEqualsFamilyStyle.test_source_ttf_font_filename_equals_familystyle(): OK
bakery_lint.tests.upstream.test_check_ttx_requirements.SourceTTXTest.test_epar_in_keys(): FAIL
bakery_lint.tests.upstream.test_check_ttx_requirements.SourceTTXTest.test_os2_in_keys(): OK
bakery_lint.tests.upstream.test_check_ttx_requirements.SourceTTXTest.test_ttx_doesnt_contain_duplicate_glyphs(): OK
bakery_lint.tests.upstream.test_glyphname_does_not_contain_disallowed_chars.TestGlyphNameDoesNotContainsDisallowedChars.test_glyphname_does_not_contain_disallowed_chars(): OK
bakery_lint.tests.upstream.test_check_ttx_fontfamily_recommendations.TTX_FontFamilyNamingTest.test_ttx_family_naming_recommendation(): OK
### (4 of 6) Convert sources to TTF
$ ttx -d /home/travis/build/fontdirectory/lobstertwo/builds/build /home/travis/build/fontdirectory/lobstertwo/builds/build/sources/LobsterTwo-BoldItalic.ttx /home/travis/build/fontdirectory/lobstertwo/builds/build/sources/LobsterTwo-Italic.ttx /home/travis/build/fontdirectory/lobstertwo/builds/build/sources/LobsterTwo-Regular.ttx /home/travis/build/fontdirectory/lobstertwo/builds/build/sources/LobsterTwo-Bold.ttx
Compiling "/home/travis/build/fontdirectory/lobstertwo/builds/build/sources/LobsterTwo-BoldItalic.ttx" to "/home/travis/build/fontdirectory/lobstertwo/builds/build/LobsterTwo-BoldItalic.ttf"...
Parsing 'GlyphOrder' table...
Parsing 'head' table...
Parsing 'hhea' table...
Parsing 'maxp' table...
Parsing 'OS/2' table...
Parsing 'hmtx' table...
Parsing 'LTSH' table...
Parsing 'VDMX' table...
Parsing 'hdmx' table...
Parsing 'cmap' table...
Parsing 'fpgm' table...
Parsing 'prep' table...
Parsing 'cvt ' table...
Parsing 'loca' table...
Parsing 'glyf' table...
Parsing 'kern' table...
Parsing 'name' table...
Parsing 'post' table...
Parsing 'GDEF' table...
Parsing 'GPOS' table...
Parsing 'GSUB' table...
Compiling "/home/travis/build/fontdirectory/lobstertwo/builds/build/sources/LobsterTwo-Italic.ttx" to "/home/travis/build/fontdirectory/lobstertwo/builds/build/LobsterTwo-Italic.otf"...
Parsing 'GlyphOrder' table...
Parsing 'head' table...
Parsing 'hhea' table...
Parsing 'maxp' table...
Parsing 'OS/2' table...
Parsing 'name' table...
Parsing 'cmap' table...
Parsing 'post' table...
Parsing 'CFF ' table...
Parsing 'GPOS' table...
Parsing 'GSUB' table...
Parsing 'hmtx' table...
Parsing 'kern' table...
Compiling "/home/travis/build/fontdirectory/lobstertwo/builds/build/sources/LobsterTwo-Regular.ttx" to "/home/travis/build/fontdirectory/lobstertwo/builds/build/LobsterTwo-Regular.otf"...
Parsing 'GlyphOrder' table...
Parsing 'head' table...
Parsing 'hhea' table...
Parsing 'maxp' table...
Parsing 'OS/2' table...
Parsing 'name' table...
Parsing 'cmap' table...
Parsing 'post' table...
Parsing 'CFF ' table...
Parsing 'GPOS' table...
Parsing 'GSUB' table...
Parsing 'hmtx' table...
Parsing 'kern' table...
Compiling "/home/travis/build/fontdirectory/lobstertwo/builds/build/sources/LobsterTwo-Bold.ttx" to "/home/travis/build/fontdirectory/lobstertwo/builds/build/LobsterTwo-Bold.otf"...
Parsing 'GlyphOrder' table...
Parsing 'head' table...
Parsing 'hhea' table...
Parsing 'maxp' table...
Parsing 'OS/2' table...
Parsing 'name' table...
Parsing 'cmap' table...
Parsing 'post' table...
Parsing 'CFF ' table...
Parsing 'GPOS' table...
Parsing 'GSUB' table...
Parsing 'hmtx' table...
Parsing 'kern' table...
### Test LobsterTwo-BoldItalic.ttf
$ fontbakery-check.py result LobsterTwo-BoldItalic.ttf
bakery_lint.tests.downstream.test_check_panose_identification.CheckPanoseIdentification.test_check_panose_identification(): OK
bakery_lint.tests.downstream.test_check_os2_width_class.CheckOS2WidthClass.test_check_os2_width_class(): OK
bakery_lint.tests.downstream.test_check_full_font_name_begins_with_family_name.CheckFullFontNameBeginsWithFamilyName.test_check_full_font_name_begins_with_family_name(): OK
bakery_lint.tests.downstream.test_check_hmtx_hhea_max_advance_width_agreement.CheckHmtxHheaMaxAdvanceWidthAgreement.test_check_hmtx_hhea_max_advance_width_agreement(): OK
bakery_lint.tests.downstream.test_check_upm_heights_less_120.TestCheckUPMHeightsLess120.test_check_upm_heigths_less_120(): FAIL
bakery_lint.tests.downstream.test_check_unused_glyph_data.CheckUnusedGlyphData.test_check_unused_glyph_data(): ERROR
bakery_lint.tests.downstream.test_names_are_ascii_only.CheckNamesAreASCIIOnly.test_check_names_are_ascii_only(): OK
bakery_lint.tests.downstream.test_check_vertical_metrics.CheckVerticalLinegapMetrics.test_metrics_linegaps_are_zero(): OK
bakery_lint.tests.downstream.test_check_vertical_metrics.CheckVerticalAscentMetrics.test_metrics_ascents_equal_bbox(): OK
bakery_lint.tests.downstream.test_check_vertical_metrics.CheckVerticalDescentMetrics.test_metrics_descents_equal_bbox(): OK
The following table(s) in the font have been ignored by FontForge
  Ignoring 'LTSH' linear threshold table
  Ignoring 'VDMX' vertical device metrics table
  Ignoring 'hdmx' horizontal device metrics table
This font contains both a 'kern' table and a 'GPOS' table.
  The 'kern' table will only be read if there is no 'kern' feature in 'GPOS'.
bakery_lint.tests.downstream.test_fontforge_validation_state.FontForgeValidateStateTest.test_allowed_numbers_paths_in_composite_glyphs(): OK
bakery_lint.tests.downstream.test_fontforge_validation_state.FontForgeValidateStateTest.test_allowed_numbers_paths_in_glyphs(): OK
bakery_lint.tests.downstream.test_fontforge_validation_state.FontForgeValidateStateTest.test_allowed_numbers_points_in_composite_glyphs(): OK
bakery_lint.tests.downstream.test_fontforge_validation_state.FontForgeValidateStateTest.test_allowed_numbers_points_in_glyphs(): OK
bakery_lint.tests.downstream.test_fontforge_validation_state.FontForgeValidateStateTest.test_duplicate_glyphs(): OK
bakery_lint.tests.downstream.test_fontforge_validation_state.FontForgeValidateStateTest.test_duplicate_unicode_codepoints(): OK
bakery_lint.tests.downstream.test_fontforge_validation_state.FontForgeValidateStateTest.test_flipped_reference_in_glyphs(): OK
bakery_lint.tests.downstream.test_fontforge_validation_state.FontForgeValidateStateTest.test_missing_anchors(): OK
bakery_lint.tests.downstream.test_fontforge_validation_state.FontForgeValidateStateTest.test_missing_extrema_in_glyphs(): OK
bakery_lint.tests.downstream.test_fontforge_validation_state.FontForgeValidateStateTest.test_overlapped_hints(): OK
bakery_lint.tests.downstream.test_fontforge_validation_state.FontForgeValidateStateTest.test_points_are_integer_aligned(): OK
bakery_lint.tests.downstream.test_fontforge_validation_state.FontForgeValidateStateTest.test_points_are_not_too_far_apart(): OK
bakery_lint.tests.downstream.test_fontforge_validation_state.FontForgeValidateStateTest.test_postscript_hasnt_limit_hints_in_glyphs(): OK
bakery_lint.tests.downstream.test_fontforge_validation_state.FontForgeValidateStateTest.test_postscript_hasnt_limit_points_in_glyphs(): OK
bakery_lint.tests.downstream.test_fontforge_validation_state.FontForgeValidateStateTest.test_referenced_glyphs_are_present(): OK
bakery_lint.tests.downstream.test_fontforge_validation_state.FontForgeValidateStateTest.test_valid_glyph_names(): OK
bakery_lint.tests.downstream.test_fontforge_validation_state.FontForgeValidateStateTest.test_valid_length_instructions(): OK
bakery_lint.tests.downstream.test_fontforge_validation_state.FontForgeValidateStateTest.test_validation_glyph_intersect(): FAIL
bakery_lint.tests.downstream.test_fontforge_validation_state.FontForgeValidateStateTest.test_validation_open_contours(): OK
bakery_lint.tests.downstream.test_fontforge_validation_state.FontForgeValidateStateTest.test_wrong_direction_in_glyphs(): OK
bakery_lint.tests.downstream.test_check_italic_angle_agreement.CheckItalicAngleAgreement.test_check_italic_angle_agreement(): OK
bakery_lint.tests.downstream.test_check_font_tables.CheckFontHasDsigTable.test_check_font_has_dsig_table(): FAIL
$ fontbakery-fix-dsig.py /home/travis/build/fontdirectory/lobstertwo/builds/build/LobsterTwo-BoldItalic.ttf
$ mv /home/travis/build/fontdirectory/lobstertwo/builds/build/LobsterTwo-BoldItalic.ttf.fix /home/travis/build/fontdirectory/lobstertwo/builds/build/LobsterTwo-BoldItalic.ttf
bakery_lint.tests.downstream.test_check_font_tables.CheckFontHasDsigTable.test_check_font_has_dsig_table(): OK
bakery_lint.tests.downstream.test_check_font_tables.CheckFontHasNotKernTable.test_no_kern_table_exists(): OK
bakery_lint.tests.downstream.test_check_glyph_existence.CheckGlyphExistence.test_euro(): OK
bakery_lint.tests.downstream.test_check_glyph_existence.CheckGlyphExistence.test_nbsp(): FAIL
bakery_lint.tests.downstream.test_check_glyph_existence.CheckGlyphExistence.test_space(): OK
bakery_lint.tests.downstream.test_check_fontname_matches_macstyle.CheckFontNameEqualToMacStyleFlags.test_fontname_is_equal_to_macstyle(): FAIL
bakery_lint.tests.downstream.test_gasp_table_value.CheckGaspTableType.test_check_gasp_table_type(): FAIL
$ fontbakery-fix-gasp.py --set=15 /home/travis/build/fontdirectory/lobstertwo/builds/build/LobsterTwo-BoldItalic.ttf
no table gasp
$ mv /home/travis/build/fontdirectory/lobstertwo/builds/build/LobsterTwo-BoldItalic.ttf.fix /home/travis/build/fontdirectory/lobstertwo/builds/build/LobsterTwo-BoldItalic.ttf
bakery_lint.tests.downstream.test_gasp_table_value.CheckGaspTableType.test_check_gasp_table_type(): FAIL
bakery_lint.tests.downstream.test_check_no_problematic_formats.CheckNoProblematicFormats.test_check_no_problematic_formats(): OK
bakery_lint.tests.downstream.test_check_font_agreements.CheckFsTypeIsNotSet.test_is_fstype_not_set(): OK
$ fontbakery-fix-fstype.py --autofix /home/travis/build/fontdirectory/lobstertwo/builds/build/LobsterTwo-BoldItalic.ttf
$ mv /home/travis/build/fontdirectory/lobstertwo/builds/build/LobsterTwo-BoldItalic.ttf.fix /home/travis/build/fontdirectory/lobstertwo/builds/build/LobsterTwo-BoldItalic.ttf
bakery_lint.tests.downstream.test_check_font_agreements.CheckFontAgreements.test_em_is_1000(): OK
bakery_lint.tests.downstream.test_check_font_agreements.CheckFontAgreements.test_font_is_font(): OK
bakery_lint.tests.downstream.test_check_font_agreements.CheckFontAgreements.test_latin_file_exists(): FAIL
bakery_lint.tests.downstream.test_check_font_agreements.CheckFontAgreements.test_menu_file_exists(): FAIL
bakery_lint.tests.downstream.test_gpos_table_has_kerning_info.CheckGposTableHasKerningInfo.test_gpos_table_has_kerning_info(): OK
bakery_lint.tests.downstream.test_check_glyf_table_length.CheckGlyfTableLength.test_check_glyf_table_length(): FAIL
bakery_lint.tests.downstream.test_check_names_same_across_platforms.CheckNamesSameAcrossPlatforms.test_check_names_same_across_platforms(): OK
bakery_lint.tests.downstream.test_check_nbsp_width_matches_sp_width.CheckNbspWidthMatchesSpWidth.test_check_nbsp_width_matches_sp_width(): FAIL
$ fontbakery-fix-nbsp.py /home/travis/build/fontdirectory/lobstertwo/builds/build/LobsterTwo-BoldItalic.ttf
$ mv /home/travis/build/fontdirectory/lobstertwo/builds/build/LobsterTwo-BoldItalic.ttf.fix /home/travis/build/fontdirectory/lobstertwo/builds/build/LobsterTwo-BoldItalic.ttf
bakery_lint.tests.downstream.test_check_nbsp_width_matches_sp_width.CheckNbspWidthMatchesSpWidth.test_check_nbsp_width_matches_sp_width(): FAIL
bakery_lint.tests.downstream.test_check_name_table_recommendation.CheckStyleNameRecommendation.test_check_stylename_is_under_recommendations(): OK
bakery_lint.tests.downstream.test_check_name_table_recommendation.CheckOTFamilyNameRecommendation.test_check_opentype_familyname(): FAIL
$ fontbakery-fix-opentype-names.py /home/travis/build/fontdirectory/lobstertwo/builds/build/LobsterTwo-BoldItalic.ttf
$ mv /home/travis/build/fontdirectory/lobstertwo/builds/build/LobsterTwo-BoldItalic.ttf.fix /home/travis/build/fontdirectory/lobstertwo/builds/build/LobsterTwo-BoldItalic.ttf
bakery_lint.tests.downstream.test_check_name_table_recommendation.CheckOTFamilyNameRecommendation.test_check_opentype_familyname(): OK
bakery_lint.tests.downstream.test_check_name_table_recommendation.CheckOTStyleNameRecommendation.test_check_opentype_stylename(): OK
bakery_lint.tests.downstream.test_check_name_table_recommendation.CheckOTFullNameRecommendation.test_check_opentype_fullname(): OK
bakery_lint.tests.downstream.test_check_unencoded_glyph.TestFontUnencodedGlyph.test_font_unencoded_glyphs(): FAIL
$ fontbakery-fix-glyph-private-encoding.py --autofix /home/travis/build/fontdirectory/lobstertwo/builds/build/LobsterTwo-BoldItalic.ttf
$ mv /home/travis/build/fontdirectory/lobstertwo/builds/build/LobsterTwo-BoldItalic.ttf.fix /home/travis/build/fontdirectory/lobstertwo/builds/build/LobsterTwo-BoldItalic.ttf
bakery_lint.tests.downstream.test_check_unencoded_glyph.TestFontUnencodedGlyph.test_font_unencoded_glyphs(): FAIL
bakery_lint.tests.downstream.test_check_magic_prep_code.CheckMagicPREPByteCode.test_prep_magic_code(): FAIL
bakery_lint.tests.downstream.test_check_license_included.CheckLicenseIncluded.test_license_included_in_font_names(): OK
### Optimize TTF LobsterTwo-BoldItalic.ttf
$ ls -l 'LobsterTwo-BoldItalic.ttf'* # look at the size savings of that subset process
LobsterTwo-BoldItalic.ttf.opt: 219192 bytes
LobsterTwo-BoldItalic.ttf: 237368 bytes
$ mv /home/travis/build/fontdirectory/lobstertwo/builds/build/LobsterTwo-BoldItalic.ttf.opt /home/travis/build/fontdirectory/lobstertwo/builds/build/LobsterTwo-BoldItalic.ttf
### Autohint TTFs (ttfautohint) LobsterTwo-BoldItalic.ttf
$ ttfautohint -l 7 -r 28 -G 50 -x 13 -w "G" /home/travis/build/fontdirectory/lobstertwo/builds/build/LobsterTwo-BoldItalic.ttf '/home/travis/build/fontdirectory/lobstertwo/builds/build/LobsterTwo-BoldItalic.autohint.ttf'

$ ls -l /home/travis/build/fontdirectory/lobstertwo/builds/build/LobsterTwo-BoldItalic.*ttf # look at the size savings of that subset process
/home/travis/build/fontdirectory/lobstertwo/builds/build/LobsterTwo-BoldItalic.ttf: 219192 bytes
/home/travis/build/fontdirectory/lobstertwo/builds/build/LobsterTwo-BoldItalic.autohint.ttf: 131916 bytes
$ mv /home/travis/build/fontdirectory/lobstertwo/builds/build/LobsterTwo-BoldItalic.autohint.ttf /home/travis/build/fontdirectory/lobstertwo/builds/build/LobsterTwo-BoldItalic.ttf
### Subset TTFs (pyftsubset) LobsterTwo-BoldItalic.ttf
$ pyftsubset LobsterTwo-BoldItalic.latin
$ pyftsubset LobsterTwo-BoldItalic.menu
strippedname:/home/travis/build/fontdirectory/lobstertwo/builds/build/LobsterTwo-BoldItalic.ttf
No nbsp glyph
spaceWidth is    215
nbspWidth is     0
LobsterTwo-BoldItalic.ttf.fix made with spaceWidth and nbspWidth of 215
$ fontbakery-build-font2ttf.py sources/LobsterTwo-Italic.otf LobsterTwo-Italic.ttf
This font contains both a 'kern' table and a 'GPOS' table.
  The 'kern' table will only be read if there is no 'kern' feature in 'GPOS'.
Warning: Mac and Windows entries in the 'name' table differ for the
 Fullname string in the language English (US)
 Mac String: Lobster Two Italic
Windows String: LobsterTwo-Italic
Success: Generated OpenType-TTF (/home/travis/build/fontdirectory/lobstertwo/builds/build/LobsterTwo-Italic.ttf)
strippedname:/home/travis/build/fontdirectory/lobstertwo/builds/build/LobsterTwo-Italic.otf
### Test LobsterTwo-Italic.ttf
$ fontbakery-check.py result LobsterTwo-Italic.ttf
bakery_lint.tests.downstream.test_check_panose_identification.CheckPanoseIdentification.test_check_panose_identification(): OK
bakery_lint.tests.downstream.test_check_os2_width_class.CheckOS2WidthClass.test_check_os2_width_class(): OK
bakery_lint.tests.downstream.test_check_full_font_name_begins_with_family_name.CheckFullFontNameBeginsWithFamilyName.test_check_full_font_name_begins_with_family_name(): FAIL
bakery_lint.tests.downstream.test_check_hmtx_hhea_max_advance_width_agreement.CheckHmtxHheaMaxAdvanceWidthAgreement.test_check_hmtx_hhea_max_advance_width_agreement(): OK
bakery_lint.tests.downstream.test_check_upm_heights_less_120.TestCheckUPMHeightsLess120.test_check_upm_heigths_less_120(): FAIL
bakery_lint.tests.downstream.test_check_unused_glyph_data.CheckUnusedGlyphData.test_check_unused_glyph_data(): ERROR
bakery_lint.tests.downstream.test_names_are_ascii_only.CheckNamesAreASCIIOnly.test_check_names_are_ascii_only(): OK
bakery_lint.tests.downstream.test_check_vertical_metrics.CheckVerticalLinegapMetrics.test_metrics_linegaps_are_zero(): OK
bakery_lint.tests.downstream.test_check_vertical_metrics.CheckVerticalAscentMetrics.test_metrics_ascents_equal_bbox(): OK
bakery_lint.tests.downstream.test_check_vertical_metrics.CheckVerticalDescentMetrics.test_metrics_descents_equal_bbox(): OK
The following table(s) in the font have been ignored by FontForge
  Ignoring 'DSIG' digital signature table
bakery_lint.tests.downstream.test_fontforge_validation_state.FontForgeValidateStateTest.test_allowed_numbers_paths_in_composite_glyphs(): OK
bakery_lint.tests.downstream.test_fontforge_validation_state.FontForgeValidateStateTest.test_allowed_numbers_paths_in_glyphs(): OK
bakery_lint.tests.downstream.test_fontforge_validation_state.FontForgeValidateStateTest.test_allowed_numbers_points_in_composite_glyphs(): OK
bakery_lint.tests.downstream.test_fontforge_validation_state.FontForgeValidateStateTest.test_allowed_numbers_points_in_glyphs(): OK
bakery_lint.tests.downstream.test_fontforge_validation_state.FontForgeValidateStateTest.test_duplicate_glyphs(): OK
bakery_lint.tests.downstream.test_fontforge_validation_state.FontForgeValidateStateTest.test_duplicate_unicode_codepoints(): OK
bakery_lint.tests.downstream.test_fontforge_validation_state.FontForgeValidateStateTest.test_flipped_reference_in_glyphs(): OK
bakery_lint.tests.downstream.test_fontforge_validation_state.FontForgeValidateStateTest.test_missing_anchors(): OK
bakery_lint.tests.downstream.test_fontforge_validation_state.FontForgeValidateStateTest.test_missing_extrema_in_glyphs(): FAIL
bakery_lint.tests.downstream.test_fontforge_validation_state.FontForgeValidateStateTest.test_overlapped_hints(): OK
bakery_lint.tests.downstream.test_fontforge_validation_state.FontForgeValidateStateTest.test_points_are_integer_aligned(): OK
bakery_lint.tests.downstream.test_fontforge_validation_state.FontForgeValidateStateTest.test_points_are_not_too_far_apart(): OK
bakery_lint.tests.downstream.test_fontforge_validation_state.FontForgeValidateStateTest.test_postscript_hasnt_limit_hints_in_glyphs(): OK
bakery_lint.tests.downstream.test_fontforge_validation_state.FontForgeValidateStateTest.test_postscript_hasnt_limit_points_in_glyphs(): OK
bakery_lint.tests.downstream.test_fontforge_validation_state.FontForgeValidateStateTest.test_referenced_glyphs_are_present(): OK
bakery_lint.tests.downstream.test_fontforge_validation_state.FontForgeValidateStateTest.test_valid_glyph_names(): OK
bakery_lint.tests.downstream.test_fontforge_validation_state.FontForgeValidateStateTest.test_valid_length_instructions(): OK
bakery_lint.tests.downstream.test_fontforge_validation_state.FontForgeValidateStateTest.test_validation_glyph_intersect(): OK
bakery_lint.tests.downstream.test_fontforge_validation_state.FontForgeValidateStateTest.test_validation_open_contours(): OK
bakery_lint.tests.downstream.test_fontforge_validation_state.FontForgeValidateStateTest.test_wrong_direction_in_glyphs(): OK
bakery_lint.tests.downstream.test_check_italic_angle_agreement.CheckItalicAngleAgreement.test_check_italic_angle_agreement(): OK
bakery_lint.tests.downstream.test_check_font_tables.CheckFontHasDsigTable.test_check_font_has_dsig_table(): OK
bakery_lint.tests.downstream.test_check_font_tables.CheckFontHasNotKernTable.test_no_kern_table_exists(): OK
bakery_lint.tests.downstream.test_check_glyph_existence.CheckGlyphExistence.test_euro(): OK
bakery_lint.tests.downstream.test_check_glyph_existence.CheckGlyphExistence.test_nbsp(): FAIL
bakery_lint.tests.downstream.test_check_glyph_existence.CheckGlyphExistence.test_space(): OK
bakery_lint.tests.downstream.test_check_fontname_matches_macstyle.CheckFontNameEqualToMacStyleFlags.test_fontname_is_equal_to_macstyle(): OK
bakery_lint.tests.downstream.test_gasp_table_value.CheckGaspTableType.test_check_gasp_table_type(): FAIL
$ fontbakery-fix-gasp.py --set=15 /home/travis/build/fontdirectory/lobstertwo/builds/build/LobsterTwo-Italic.ttf
$ mv /home/travis/build/fontdirectory/lobstertwo/builds/build/LobsterTwo-Italic.ttf.fix /home/travis/build/fontdirectory/lobstertwo/builds/build/LobsterTwo-Italic.ttf
bakery_lint.tests.downstream.test_gasp_table_value.CheckGaspTableType.test_check_gasp_table_type(): OK
$ fontbakery-fix-gasp.py --set=15 /home/travis/build/fontdirectory/lobstertwo/builds/build/LobsterTwo-Italic.ttf
$ mv /home/travis/build/fontdirectory/lobstertwo/builds/build/LobsterTwo-Italic.ttf.fix /home/travis/build/fontdirectory/lobstertwo/builds/build/LobsterTwo-Italic.ttf
bakery_lint.tests.downstream.test_check_no_problematic_formats.CheckNoProblematicFormats.test_check_no_problematic_formats(): OK
bakery_lint.tests.downstream.test_check_font_agreements.CheckFsTypeIsNotSet.test_is_fstype_not_set(): OK
$ fontbakery-fix-fstype.py --autofix /home/travis/build/fontdirectory/lobstertwo/builds/build/LobsterTwo-Italic.ttf
$ mv /home/travis/build/fontdirectory/lobstertwo/builds/build/LobsterTwo-Italic.ttf.fix /home/travis/build/fontdirectory/lobstertwo/builds/build/LobsterTwo-Italic.ttf
bakery_lint.tests.downstream.test_check_font_agreements.CheckFontAgreements.test_em_is_1000(): OK
bakery_lint.tests.downstream.test_check_font_agreements.CheckFontAgreements.test_font_is_font(): OK
bakery_lint.tests.downstream.test_check_font_agreements.CheckFontAgreements.test_latin_file_exists(): FAIL
bakery_lint.tests.downstream.test_check_font_agreements.CheckFontAgreements.test_menu_file_exists(): FAIL
bakery_lint.tests.downstream.test_gpos_table_has_kerning_info.CheckGposTableHasKerningInfo.test_gpos_table_has_kerning_info(): OK
bakery_lint.tests.downstream.test_check_glyf_table_length.CheckGlyfTableLength.test_check_glyf_table_length(): FAIL
bakery_lint.tests.downstream.test_check_names_same_across_platforms.CheckNamesSameAcrossPlatforms.test_check_names_same_across_platforms(): OK
bakery_lint.tests.downstream.test_check_nbsp_width_matches_sp_width.CheckNbspWidthMatchesSpWidth.test_check_nbsp_width_matches_sp_width(): FAIL
$ fontbakery-fix-nbsp.py /home/travis/build/fontdirectory/lobstertwo/builds/build/LobsterTwo-Italic.ttf
$ mv /home/travis/build/fontdirectory/lobstertwo/builds/build/LobsterTwo-Italic.ttf.fix /home/travis/build/fontdirectory/lobstertwo/builds/build/LobsterTwo-Italic.ttf
bakery_lint.tests.downstream.test_check_nbsp_width_matches_sp_width.CheckNbspWidthMatchesSpWidth.test_check_nbsp_width_matches_sp_width(): FAIL
bakery_lint.tests.downstream.test_check_name_table_recommendation.CheckStyleNameRecommendation.test_check_stylename_is_under_recommendations(): OK
bakery_lint.tests.downstream.test_check_name_table_recommendation.CheckOTFamilyNameRecommendation.test_check_opentype_familyname(): FAIL
$ fontbakery-fix-opentype-names.py /home/travis/build/fontdirectory/lobstertwo/builds/build/LobsterTwo-Italic.ttf
$ mv /home/travis/build/fontdirectory/lobstertwo/builds/build/LobsterTwo-Italic.ttf.fix /home/travis/build/fontdirectory/lobstertwo/builds/build/LobsterTwo-Italic.ttf
bakery_lint.tests.downstream.test_check_name_table_recommendation.CheckOTFamilyNameRecommendation.test_check_opentype_familyname(): OK
bakery_lint.tests.downstream.test_check_name_table_recommendation.CheckOTStyleNameRecommendation.test_check_opentype_stylename(): FAIL
$ fontbakery-fix-opentype-names.py /home/travis/build/fontdirectory/lobstertwo/builds/build/LobsterTwo-Italic.ttf
$ mv /home/travis/build/fontdirectory/lobstertwo/builds/build/LobsterTwo-Italic.ttf.fix /home/travis/build/fontdirectory/lobstertwo/builds/build/LobsterTwo-Italic.ttf
bakery_lint.tests.downstream.test_check_name_table_recommendation.CheckOTStyleNameRecommendation.test_check_opentype_stylename(): FAIL
bakery_lint.tests.downstream.test_check_name_table_recommendation.CheckOTFullNameRecommendation.test_check_opentype_fullname(): OK
bakery_lint.tests.downstream.test_check_unencoded_glyph.TestFontUnencodedGlyph.test_font_unencoded_glyphs(): FAIL
$ fontbakery-fix-glyph-private-encoding.py --autofix /home/travis/build/fontdirectory/lobstertwo/builds/build/LobsterTwo-Italic.ttf
$ mv /home/travis/build/fontdirectory/lobstertwo/builds/build/LobsterTwo-Italic.ttf.fix /home/travis/build/fontdirectory/lobstertwo/builds/build/LobsterTwo-Italic.ttf
bakery_lint.tests.downstream.test_check_unencoded_glyph.TestFontUnencodedGlyph.test_font_unencoded_glyphs(): FAIL
bakery_lint.tests.downstream.test_check_magic_prep_code.CheckMagicPREPByteCode.test_prep_magic_code(): FAIL
bakery_lint.tests.downstream.test_check_license_included.CheckLicenseIncluded.test_license_included_in_font_names(): OK
### Optimize TTF LobsterTwo-Italic.ttf
$ ls -l 'LobsterTwo-Italic.ttf'* # look at the size savings of that subset process
LobsterTwo-Italic.ttf.opt: 77372 bytes
LobsterTwo-Italic.ttf: 80844 bytes
$ mv /home/travis/build/fontdirectory/lobstertwo/builds/build/LobsterTwo-Italic.ttf.opt /home/travis/build/fontdirectory/lobstertwo/builds/build/LobsterTwo-Italic.ttf
### Autohint TTFs (ttfautohint) LobsterTwo-Italic.ttf
$ ttfautohint -l 7 -r 28 -G 50 -x 13 -w "G" /home/travis/build/fontdirectory/lobstertwo/builds/build/LobsterTwo-Italic.ttf '/home/travis/build/fontdirectory/lobstertwo/builds/build/LobsterTwo-Italic.autohint.ttf'

$ ls -l /home/travis/build/fontdirectory/lobstertwo/builds/build/LobsterTwo-Italic.*ttf # look at the size savings of that subset process
/home/travis/build/fontdirectory/lobstertwo/builds/build/LobsterTwo-Italic.ttf: 77372 bytes
/home/travis/build/fontdirectory/lobstertwo/builds/build/LobsterTwo-Italic.autohint.ttf: 117068 bytes
$ mv /home/travis/build/fontdirectory/lobstertwo/builds/build/LobsterTwo-Italic.autohint.ttf /home/travis/build/fontdirectory/lobstertwo/builds/build/LobsterTwo-Italic.ttf
### Subset TTFs (pyftsubset) LobsterTwo-Italic.ttf
$ pyftsubset LobsterTwo-Italic.latin
$ pyftsubset LobsterTwo-Italic.menu
strippedname:/home/travis/build/fontdirectory/lobstertwo/builds/build/LobsterTwo-Italic.ttf
No nbsp glyph
spaceWidth is    215
nbspWidth is     0
LobsterTwo-Italic.ttf.fix made with spaceWidth and nbspWidth of 215
$ fontbakery-build-font2ttf.py sources/LobsterTwo-Regular.otf LobsterTwo-Regular.ttf
This font contains both a 'kern' table and a 'GPOS' table.
  The 'kern' table will only be read if there is no 'kern' feature in 'GPOS'.
Warning: Mac and Windows entries in the 'name' table differ for the
 Fullname string in the language English (US)
 Mac String: Lobster Two
Windows String: LobsterTwo
Success: Generated OpenType-TTF (/home/travis/build/fontdirectory/lobstertwo/builds/build/LobsterTwo-Regular.ttf)
strippedname:/home/travis/build/fontdirectory/lobstertwo/builds/build/LobsterTwo-Regular.otf
### Test LobsterTwo-Regular.ttf
$ fontbakery-check.py result LobsterTwo-Regular.ttf
bakery_lint.tests.downstream.test_check_panose_identification.CheckPanoseIdentification.test_check_panose_identification(): OK
bakery_lint.tests.downstream.test_check_os2_width_class.CheckOS2WidthClass.test_check_os2_width_class(): OK
bakery_lint.tests.downstream.test_check_full_font_name_begins_with_family_name.CheckFullFontNameBeginsWithFamilyName.test_check_full_font_name_begins_with_family_name(): FAIL
bakery_lint.tests.downstream.test_check_hmtx_hhea_max_advance_width_agreement.CheckHmtxHheaMaxAdvanceWidthAgreement.test_check_hmtx_hhea_max_advance_width_agreement(): OK
bakery_lint.tests.downstream.test_check_upm_heights_less_120.TestCheckUPMHeightsLess120.test_check_upm_heigths_less_120(): FAIL
bakery_lint.tests.downstream.test_check_unused_glyph_data.CheckUnusedGlyphData.test_check_unused_glyph_data(): ERROR
bakery_lint.tests.downstream.test_names_are_ascii_only.CheckNamesAreASCIIOnly.test_check_names_are_ascii_only(): OK
bakery_lint.tests.downstream.test_check_vertical_metrics.CheckVerticalLinegapMetrics.test_metrics_linegaps_are_zero(): OK
bakery_lint.tests.downstream.test_check_vertical_metrics.CheckVerticalAscentMetrics.test_metrics_ascents_equal_bbox(): OK
bakery_lint.tests.downstream.test_check_vertical_metrics.CheckVerticalDescentMetrics.test_metrics_descents_equal_bbox(): OK
The following table(s) in the font have been ignored by FontForge
  Ignoring 'DSIG' digital signature table
bakery_lint.tests.downstream.test_fontforge_validation_state.FontForgeValidateStateTest.test_allowed_numbers_paths_in_composite_glyphs(): OK
bakery_lint.tests.downstream.test_fontforge_validation_state.FontForgeValidateStateTest.test_allowed_numbers_paths_in_glyphs(): OK
bakery_lint.tests.downstream.test_fontforge_validation_state.FontForgeValidateStateTest.test_allowed_numbers_points_in_composite_glyphs(): OK
bakery_lint.tests.downstream.test_fontforge_validation_state.FontForgeValidateStateTest.test_allowed_numbers_points_in_glyphs(): OK
bakery_lint.tests.downstream.test_fontforge_validation_state.FontForgeValidateStateTest.test_duplicate_glyphs(): OK
bakery_lint.tests.downstream.test_fontforge_validation_state.FontForgeValidateStateTest.test_duplicate_unicode_codepoints(): OK
bakery_lint.tests.downstream.test_fontforge_validation_state.FontForgeValidateStateTest.test_flipped_reference_in_glyphs(): OK
bakery_lint.tests.downstream.test_fontforge_validation_state.FontForgeValidateStateTest.test_missing_anchors(): OK
bakery_lint.tests.downstream.test_fontforge_validation_state.FontForgeValidateStateTest.test_missing_extrema_in_glyphs(): OK
bakery_lint.tests.downstream.test_fontforge_validation_state.FontForgeValidateStateTest.test_overlapped_hints(): OK
bakery_lint.tests.downstream.test_fontforge_validation_state.FontForgeValidateStateTest.test_points_are_integer_aligned(): OK
bakery_lint.tests.downstream.test_fontforge_validation_state.FontForgeValidateStateTest.test_points_are_not_too_far_apart(): OK
bakery_lint.tests.downstream.test_fontforge_validation_state.FontForgeValidateStateTest.test_postscript_hasnt_limit_hints_in_glyphs(): OK
bakery_lint.tests.downstream.test_fontforge_validation_state.FontForgeValidateStateTest.test_postscript_hasnt_limit_points_in_glyphs(): OK
bakery_lint.tests.downstream.test_fontforge_validation_state.FontForgeValidateStateTest.test_referenced_glyphs_are_present(): OK
bakery_lint.tests.downstream.test_fontforge_validation_state.FontForgeValidateStateTest.test_valid_glyph_names(): OK
bakery_lint.tests.downstream.test_fontforge_validation_state.FontForgeValidateStateTest.test_valid_length_instructions(): OK
bakery_lint.tests.downstream.test_fontforge_validation_state.FontForgeValidateStateTest.test_validation_glyph_intersect(): OK
bakery_lint.tests.downstream.test_fontforge_validation_state.FontForgeValidateStateTest.test_validation_open_contours(): OK
bakery_lint.tests.downstream.test_fontforge_validation_state.FontForgeValidateStateTest.test_wrong_direction_in_glyphs(): OK
bakery_lint.tests.downstream.test_check_italic_angle_agreement.CheckItalicAngleAgreement.test_check_italic_angle_agreement(): OK
bakery_lint.tests.downstream.test_check_font_tables.CheckFontHasDsigTable.test_check_font_has_dsig_table(): OK
bakery_lint.tests.downstream.test_check_font_tables.CheckFontHasNotKernTable.test_no_kern_table_exists(): OK
bakery_lint.tests.downstream.test_check_glyph_existence.CheckGlyphExistence.test_euro(): OK
bakery_lint.tests.downstream.test_check_glyph_existence.CheckGlyphExistence.test_nbsp(): FAIL
bakery_lint.tests.downstream.test_check_glyph_existence.CheckGlyphExistence.test_space(): OK
bakery_lint.tests.downstream.test_check_fontname_matches_macstyle.CheckFontNameEqualToMacStyleFlags.test_fontname_is_equal_to_macstyle(): FAIL
bakery_lint.tests.downstream.test_gasp_table_value.CheckGaspTableType.test_check_gasp_table_type(): FAIL
$ fontbakery-fix-gasp.py --set=15 /home/travis/build/fontdirectory/lobstertwo/builds/build/LobsterTwo-Regular.ttf
$ mv /home/travis/build/fontdirectory/lobstertwo/builds/build/LobsterTwo-Regular.ttf.fix /home/travis/build/fontdirectory/lobstertwo/builds/build/LobsterTwo-Regular.ttf
bakery_lint.tests.downstream.test_gasp_table_value.CheckGaspTableType.test_check_gasp_table_type(): OK
$ fontbakery-fix-gasp.py --set=15 /home/travis/build/fontdirectory/lobstertwo/builds/build/LobsterTwo-Regular.ttf
$ mv /home/travis/build/fontdirectory/lobstertwo/builds/build/LobsterTwo-Regular.ttf.fix /home/travis/build/fontdirectory/lobstertwo/builds/build/LobsterTwo-Regular.ttf
bakery_lint.tests.downstream.test_check_no_problematic_formats.CheckNoProblematicFormats.test_check_no_problematic_formats(): OK
bakery_lint.tests.downstream.test_check_font_agreements.CheckFsTypeIsNotSet.test_is_fstype_not_set(): OK
$ fontbakery-fix-fstype.py --autofix /home/travis/build/fontdirectory/lobstertwo/builds/build/LobsterTwo-Regular.ttf
$ mv /home/travis/build/fontdirectory/lobstertwo/builds/build/LobsterTwo-Regular.ttf.fix /home/travis/build/fontdirectory/lobstertwo/builds/build/LobsterTwo-Regular.ttf
bakery_lint.tests.downstream.test_check_font_agreements.CheckFontAgreements.test_em_is_1000(): OK
bakery_lint.tests.downstream.test_check_font_agreements.CheckFontAgreements.test_font_is_font(): OK
bakery_lint.tests.downstream.test_check_font_agreements.CheckFontAgreements.test_latin_file_exists(): FAIL
bakery_lint.tests.downstream.test_check_font_agreements.CheckFontAgreements.test_menu_file_exists(): FAIL
bakery_lint.tests.downstream.test_gpos_table_has_kerning_info.CheckGposTableHasKerningInfo.test_gpos_table_has_kerning_info(): OK
bakery_lint.tests.downstream.test_check_glyf_table_length.CheckGlyfTableLength.test_check_glyf_table_length(): FAIL
bakery_lint.tests.downstream.test_check_names_same_across_platforms.CheckNamesSameAcrossPlatforms.test_check_names_same_across_platforms(): OK
bakery_lint.tests.downstream.test_check_nbsp_width_matches_sp_width.CheckNbspWidthMatchesSpWidth.test_check_nbsp_width_matches_sp_width(): FAIL
$ fontbakery-fix-nbsp.py /home/travis/build/fontdirectory/lobstertwo/builds/build/LobsterTwo-Regular.ttf
$ mv /home/travis/build/fontdirectory/lobstertwo/builds/build/LobsterTwo-Regular.ttf.fix /home/travis/build/fontdirectory/lobstertwo/builds/build/LobsterTwo-Regular.ttf
bakery_lint.tests.downstream.test_check_nbsp_width_matches_sp_width.CheckNbspWidthMatchesSpWidth.test_check_nbsp_width_matches_sp_width(): FAIL
bakery_lint.tests.downstream.test_check_name_table_recommendation.CheckStyleNameRecommendation.test_check_stylename_is_under_recommendations(): OK
bakery_lint.tests.downstream.test_check_name_table_recommendation.CheckOTFamilyNameRecommendation.test_check_opentype_familyname(): FAIL
$ fontbakery-fix-opentype-names.py /home/travis/build/fontdirectory/lobstertwo/builds/build/LobsterTwo-Regular.ttf
$ mv /home/travis/build/fontdirectory/lobstertwo/builds/build/LobsterTwo-Regular.ttf.fix /home/travis/build/fontdirectory/lobstertwo/builds/build/LobsterTwo-Regular.ttf
bakery_lint.tests.downstream.test_check_name_table_recommendation.CheckOTFamilyNameRecommendation.test_check_opentype_familyname(): OK
bakery_lint.tests.downstream.test_check_name_table_recommendation.CheckOTStyleNameRecommendation.test_check_opentype_stylename(): OK
bakery_lint.tests.downstream.test_check_name_table_recommendation.CheckOTFullNameRecommendation.test_check_opentype_fullname(): OK
bakery_lint.tests.downstream.test_check_unencoded_glyph.TestFontUnencodedGlyph.test_font_unencoded_glyphs(): FAIL
$ fontbakery-fix-glyph-private-encoding.py --autofix /home/travis/build/fontdirectory/lobstertwo/builds/build/LobsterTwo-Regular.ttf
$ mv /home/travis/build/fontdirectory/lobstertwo/builds/build/LobsterTwo-Regular.ttf.fix /home/travis/build/fontdirectory/lobstertwo/builds/build/LobsterTwo-Regular.ttf
bakery_lint.tests.downstream.test_check_unencoded_glyph.TestFontUnencodedGlyph.test_font_unencoded_glyphs(): FAIL
bakery_lint.tests.downstream.test_check_magic_prep_code.CheckMagicPREPByteCode.test_prep_magic_code(): FAIL
bakery_lint.tests.downstream.test_check_license_included.CheckLicenseIncluded.test_license_included_in_font_names(): OK
### Optimize TTF LobsterTwo-Regular.ttf
$ ls -l 'LobsterTwo-Regular.ttf'* # look at the size savings of that subset process
LobsterTwo-Regular.ttf.opt: 74608 bytes
LobsterTwo-Regular.ttf: 78072 bytes
$ mv /home/travis/build/fontdirectory/lobstertwo/builds/build/LobsterTwo-Regular.ttf.opt /home/travis/build/fontdirectory/lobstertwo/builds/build/LobsterTwo-Regular.ttf
### Autohint TTFs (ttfautohint) LobsterTwo-Regular.ttf
$ ttfautohint -l 7 -r 28 -G 50 -x 13 -w "G" /home/travis/build/fontdirectory/lobstertwo/builds/build/LobsterTwo-Regular.ttf '/home/travis/build/fontdirectory/lobstertwo/builds/build/LobsterTwo-Regular.autohint.ttf'

$ ls -l /home/travis/build/fontdirectory/lobstertwo/builds/build/LobsterTwo-Regular.*ttf # look at the size savings of that subset process
/home/travis/build/fontdirectory/lobstertwo/builds/build/LobsterTwo-Regular.ttf: 74608 bytes
/home/travis/build/fontdirectory/lobstertwo/builds/build/LobsterTwo-Regular.autohint.ttf: 114036 bytes
$ mv /home/travis/build/fontdirectory/lobstertwo/builds/build/LobsterTwo-Regular.autohint.ttf /home/travis/build/fontdirectory/lobstertwo/builds/build/LobsterTwo-Regular.ttf
### Subset TTFs (pyftsubset) LobsterTwo-Regular.ttf
$ pyftsubset LobsterTwo-Regular.latin
$ pyftsubset LobsterTwo-Regular.menu
strippedname:/home/travis/build/fontdirectory/lobstertwo/builds/build/LobsterTwo-Regular.ttf
No nbsp glyph
spaceWidth is    215
nbspWidth is     0
LobsterTwo-Regular.ttf.fix made with spaceWidth and nbspWidth of 215
$ fontbakery-build-font2ttf.py sources/LobsterTwo-Bold.otf LobsterTwo-Bold.ttf
This font contains both a 'kern' table and a 'GPOS' table.
  The 'kern' table will only be read if there is no 'kern' feature in 'GPOS'.
Warning: Mac and Windows entries in the 'name' table differ for the
 Fullname string in the language English (US)
 Mac String: Lobster Two Bold
Windows String: LobsterTwo-Bold
Success: Generated OpenType-TTF (/home/travis/build/fontdirectory/lobstertwo/builds/build/LobsterTwo-Bold.ttf)
strippedname:/home/travis/build/fontdirectory/lobstertwo/builds/build/LobsterTwo-Bold.otf
### Test LobsterTwo-Bold.ttf
$ fontbakery-check.py result LobsterTwo-Bold.ttf
bakery_lint.tests.downstream.test_check_panose_identification.CheckPanoseIdentification.test_check_panose_identification(): OK
bakery_lint.tests.downstream.test_check_os2_width_class.CheckOS2WidthClass.test_check_os2_width_class(): OK
bakery_lint.tests.downstream.test_check_full_font_name_begins_with_family_name.CheckFullFontNameBeginsWithFamilyName.test_check_full_font_name_begins_with_family_name(): FAIL
bakery_lint.tests.downstream.test_check_hmtx_hhea_max_advance_width_agreement.CheckHmtxHheaMaxAdvanceWidthAgreement.test_check_hmtx_hhea_max_advance_width_agreement(): OK
bakery_lint.tests.downstream.test_check_upm_heights_less_120.TestCheckUPMHeightsLess120.test_check_upm_heigths_less_120(): FAIL
bakery_lint.tests.downstream.test_check_unused_glyph_data.CheckUnusedGlyphData.test_check_unused_glyph_data(): ERROR
bakery_lint.tests.downstream.test_names_are_ascii_only.CheckNamesAreASCIIOnly.test_check_names_are_ascii_only(): OK
bakery_lint.tests.downstream.test_check_vertical_metrics.CheckVerticalLinegapMetrics.test_metrics_linegaps_are_zero(): OK
bakery_lint.tests.downstream.test_check_vertical_metrics.CheckVerticalAscentMetrics.test_metrics_ascents_equal_bbox(): OK
bakery_lint.tests.downstream.test_check_vertical_metrics.CheckVerticalDescentMetrics.test_metrics_descents_equal_bbox(): FAIL
$ fontbakery-fix-vertical-metrics.py --autofix /home/travis/build/fontdirectory/lobstertwo/builds/build/LobsterTwo-Regular.ttf /home/travis/build/fontdirectory/lobstertwo/builds/build/LobsterTwo-Bold.ttf /home/travis/build/fontdirectory/lobstertwo/builds/build/LobsterTwo-BoldItalic.ttf /home/travis/build/fontdirectory/lobstertwo/builds/build/LobsterTwo-Italic.ttf
$ mv /home/travis/build/fontdirectory/lobstertwo/builds/build/LobsterTwo-Regular.ttf.fix /home/travis/build/fontdirectory/lobstertwo/builds/build/LobsterTwo-Regular.ttf
$ mv /home/travis/build/fontdirectory/lobstertwo/builds/build/LobsterTwo-Bold.ttf.fix /home/travis/build/fontdirectory/lobstertwo/builds/build/LobsterTwo-Bold.ttf
$ mv /home/travis/build/fontdirectory/lobstertwo/builds/build/LobsterTwo-BoldItalic.ttf.fix /home/travis/build/fontdirectory/lobstertwo/builds/build/LobsterTwo-BoldItalic.ttf
$ mv /home/travis/build/fontdirectory/lobstertwo/builds/build/LobsterTwo-Italic.ttf.fix /home/travis/build/fontdirectory/lobstertwo/builds/build/LobsterTwo-Italic.ttf
$ fontbakery-fix-vertical-metrics.py /home/travis/build/fontdirectory/lobstertwo/builds/build/LobsterTwo-Regular.ttf /home/travis/build/fontdirectory/lobstertwo/builds/build/LobsterTwo-Bold.ttf /home/travis/build/fontdirectory/lobstertwo/builds/build/LobsterTwo-BoldItalic.ttf /home/travis/build/fontdirectory/lobstertwo/builds/build/LobsterTwo-Italic.ttf
Parameter              LobsterTwo-Regular.ttf    LobsterTwo-Bold.ttf    LobsterTwo-BoldItalic.ttf    LobsterTwo-Italic.ttf    
ymax                   1000                      1000                   1000                         1000                     
hhea.ascent            1000                      1000                   1000                         1000                     
OS/2.sTypoAscender     1000                      1000                   1000                         1000                     
OS/2.usWinAscent       1000                      1000                   1000                         1000                     
ymin                   -250                      -251                   -250                         -250                     
hhea.descent           -251                      -251                   -251                         -251                     
OS/2.sTypoDescender    -251                      -251                   -251                         -251                     
OS/2.usWinDescent      251                       251                    251                          251                      
hhea.lineGap           0                         0                      0                            0                        
OS/2.sTypoLineGap      0                         0                      0                            0                        
hhea total             1251                      1251                   1251                         1251                     
typo total             1251                      1251                   1251                         1251                     
win total              1251                      1251                   1251                         1251                     
UPM:Heights            1000:1250                 1000:1251              1000:1250                    1000:1250                
UPM:Heights %          125 %                     125 %                  125 %                        125 %                    


bakery_lint.tests.downstream.test_check_vertical_metrics.CheckVerticalDescentMetrics.test_metrics_descents_equal_bbox(): OK
The following table(s) in the font have been ignored by FontForge
  Ignoring 'DSIG' digital signature table
bakery_lint.tests.downstream.test_fontforge_validation_state.FontForgeValidateStateTest.test_allowed_numbers_paths_in_composite_glyphs(): OK
bakery_lint.tests.downstream.test_fontforge_validation_state.FontForgeValidateStateTest.test_allowed_numbers_paths_in_glyphs(): OK
bakery_lint.tests.downstream.test_fontforge_validation_state.FontForgeValidateStateTest.test_allowed_numbers_points_in_composite_glyphs(): OK
bakery_lint.tests.downstream.test_fontforge_validation_state.FontForgeValidateStateTest.test_allowed_numbers_points_in_glyphs(): OK
bakery_lint.tests.downstream.test_fontforge_validation_state.FontForgeValidateStateTest.test_duplicate_glyphs(): OK
bakery_lint.tests.downstream.test_fontforge_validation_state.FontForgeValidateStateTest.test_duplicate_unicode_codepoints(): OK
bakery_lint.tests.downstream.test_fontforge_validation_state.FontForgeValidateStateTest.test_flipped_reference_in_glyphs(): OK
bakery_lint.tests.downstream.test_fontforge_validation_state.FontForgeValidateStateTest.test_missing_anchors(): OK
bakery_lint.tests.downstream.test_fontforge_validation_state.FontForgeValidateStateTest.test_missing_extrema_in_glyphs(): OK
bakery_lint.tests.downstream.test_fontforge_validation_state.FontForgeValidateStateTest.test_overlapped_hints(): OK
bakery_lint.tests.downstream.test_fontforge_validation_state.FontForgeValidateStateTest.test_points_are_integer_aligned(): OK
bakery_lint.tests.downstream.test_fontforge_validation_state.FontForgeValidateStateTest.test_points_are_not_too_far_apart(): OK
bakery_lint.tests.downstream.test_fontforge_validation_state.FontForgeValidateStateTest.test_postscript_hasnt_limit_hints_in_glyphs(): OK
bakery_lint.tests.downstream.test_fontforge_validation_state.FontForgeValidateStateTest.test_postscript_hasnt_limit_points_in_glyphs(): OK
bakery_lint.tests.downstream.test_fontforge_validation_state.FontForgeValidateStateTest.test_referenced_glyphs_are_present(): OK
bakery_lint.tests.downstream.test_fontforge_validation_state.FontForgeValidateStateTest.test_valid_glyph_names(): OK
bakery_lint.tests.downstream.test_fontforge_validation_state.FontForgeValidateStateTest.test_valid_length_instructions(): OK
bakery_lint.tests.downstream.test_fontforge_validation_state.FontForgeValidateStateTest.test_validation_glyph_intersect(): FAIL
bakery_lint.tests.downstream.test_fontforge_validation_state.FontForgeValidateStateTest.test_validation_open_contours(): OK
bakery_lint.tests.downstream.test_fontforge_validation_state.FontForgeValidateStateTest.test_wrong_direction_in_glyphs(): OK
bakery_lint.tests.downstream.test_check_italic_angle_agreement.CheckItalicAngleAgreement.test_check_italic_angle_agreement(): OK
bakery_lint.tests.downstream.test_check_font_tables.CheckFontHasDsigTable.test_check_font_has_dsig_table(): OK
bakery_lint.tests.downstream.test_check_font_tables.CheckFontHasNotKernTable.test_no_kern_table_exists(): OK
bakery_lint.tests.downstream.test_check_glyph_existence.CheckGlyphExistence.test_euro(): OK
bakery_lint.tests.downstream.test_check_glyph_existence.CheckGlyphExistence.test_nbsp(): FAIL
bakery_lint.tests.downstream.test_check_glyph_existence.CheckGlyphExistence.test_space(): OK
bakery_lint.tests.downstream.test_check_fontname_matches_macstyle.CheckFontNameEqualToMacStyleFlags.test_fontname_is_equal_to_macstyle(): OK
bakery_lint.tests.downstream.test_gasp_table_value.CheckGaspTableType.test_check_gasp_table_type(): FAIL
$ fontbakery-fix-gasp.py --set=15 /home/travis/build/fontdirectory/lobstertwo/builds/build/LobsterTwo-Bold.ttf
$ mv /home/travis/build/fontdirectory/lobstertwo/builds/build/LobsterTwo-Bold.ttf.fix /home/travis/build/fontdirectory/lobstertwo/builds/build/LobsterTwo-Bold.ttf
bakery_lint.tests.downstream.test_gasp_table_value.CheckGaspTableType.test_check_gasp_table_type(): OK
$ fontbakery-fix-gasp.py --set=15 /home/travis/build/fontdirectory/lobstertwo/builds/build/LobsterTwo-Bold.ttf
$ mv /home/travis/build/fontdirectory/lobstertwo/builds/build/LobsterTwo-Bold.ttf.fix /home/travis/build/fontdirectory/lobstertwo/builds/build/LobsterTwo-Bold.ttf
bakery_lint.tests.downstream.test_check_no_problematic_formats.CheckNoProblematicFormats.test_check_no_problematic_formats(): OK
bakery_lint.tests.downstream.test_check_font_agreements.CheckFsTypeIsNotSet.test_is_fstype_not_set(): OK
$ fontbakery-fix-fstype.py --autofix /home/travis/build/fontdirectory/lobstertwo/builds/build/LobsterTwo-Bold.ttf
$ mv /home/travis/build/fontdirectory/lobstertwo/builds/build/LobsterTwo-Bold.ttf.fix /home/travis/build/fontdirectory/lobstertwo/builds/build/LobsterTwo-Bold.ttf
bakery_lint.tests.downstream.test_check_font_agreements.CheckFontAgreements.test_em_is_1000(): OK
bakery_lint.tests.downstream.test_check_font_agreements.CheckFontAgreements.test_font_is_font(): OK
bakery_lint.tests.downstream.test_check_font_agreements.CheckFontAgreements.test_latin_file_exists(): FAIL
bakery_lint.tests.downstream.test_check_font_agreements.CheckFontAgreements.test_menu_file_exists(): FAIL
bakery_lint.tests.downstream.test_gpos_table_has_kerning_info.CheckGposTableHasKerningInfo.test_gpos_table_has_kerning_info(): OK
bakery_lint.tests.downstream.test_check_glyf_table_length.CheckGlyfTableLength.test_check_glyf_table_length(): FAIL
bakery_lint.tests.downstream.test_check_names_same_across_platforms.CheckNamesSameAcrossPlatforms.test_check_names_same_across_platforms(): OK
bakery_lint.tests.downstream.test_check_nbsp_width_matches_sp_width.CheckNbspWidthMatchesSpWidth.test_check_nbsp_width_matches_sp_width(): FAIL
$ fontbakery-fix-nbsp.py /home/travis/build/fontdirectory/lobstertwo/builds/build/LobsterTwo-Bold.ttf
$ mv /home/travis/build/fontdirectory/lobstertwo/builds/build/LobsterTwo-Bold.ttf.fix /home/travis/build/fontdirectory/lobstertwo/builds/build/LobsterTwo-Bold.ttf
bakery_lint.tests.downstream.test_check_nbsp_width_matches_sp_width.CheckNbspWidthMatchesSpWidth.test_check_nbsp_width_matches_sp_width(): FAIL
bakery_lint.tests.downstream.test_check_name_table_recommendation.CheckStyleNameRecommendation.test_check_stylename_is_under_recommendations(): OK
bakery_lint.tests.downstream.test_check_name_table_recommendation.CheckOTFamilyNameRecommendation.test_check_opentype_familyname(): FAIL
$ fontbakery-fix-opentype-names.py /home/travis/build/fontdirectory/lobstertwo/builds/build/LobsterTwo-Bold.ttf
$ mv /home/travis/build/fontdirectory/lobstertwo/builds/build/LobsterTwo-Bold.ttf.fix /home/travis/build/fontdirectory/lobstertwo/builds/build/LobsterTwo-Bold.ttf
bakery_lint.tests.downstream.test_check_name_table_recommendation.CheckOTFamilyNameRecommendation.test_check_opentype_familyname(): OK
bakery_lint.tests.downstream.test_check_name_table_recommendation.CheckOTStyleNameRecommendation.test_check_opentype_stylename(): OK
bakery_lint.tests.downstream.test_check_name_table_recommendation.CheckOTFullNameRecommendation.test_check_opentype_fullname(): OK
bakery_lint.tests.downstream.test_check_unencoded_glyph.TestFontUnencodedGlyph.test_font_unencoded_glyphs(): FAIL
$ fontbakery-fix-glyph-private-encoding.py --autofix /home/travis/build/fontdirectory/lobstertwo/builds/build/LobsterTwo-Bold.ttf
$ mv /home/travis/build/fontdirectory/lobstertwo/builds/build/LobsterTwo-Bold.ttf.fix /home/travis/build/fontdirectory/lobstertwo/builds/build/LobsterTwo-Bold.ttf
bakery_lint.tests.downstream.test_check_unencoded_glyph.TestFontUnencodedGlyph.test_font_unencoded_glyphs(): FAIL
bakery_lint.tests.downstream.test_check_magic_prep_code.CheckMagicPREPByteCode.test_prep_magic_code(): FAIL
bakery_lint.tests.downstream.test_check_license_included.CheckLicenseIncluded.test_license_included_in_font_names(): OK
### Optimize TTF LobsterTwo-Bold.ttf
$ ls -l 'LobsterTwo-Bold.ttf'* # look at the size savings of that subset process
LobsterTwo-Bold.ttf.opt: 73880 bytes
LobsterTwo-Bold.ttf: 77392 bytes
$ mv /home/travis/build/fontdirectory/lobstertwo/builds/build/LobsterTwo-Bold.ttf.opt /home/travis/build/fontdirectory/lobstertwo/builds/build/LobsterTwo-Bold.ttf
### Autohint TTFs (ttfautohint) LobsterTwo-Bold.ttf
$ ttfautohint -l 7 -r 28 -G 50 -x 13 -w "G" /home/travis/build/fontdirectory/lobstertwo/builds/build/LobsterTwo-Bold.ttf '/home/travis/build/fontdirectory/lobstertwo/builds/build/LobsterTwo-Bold.autohint.ttf'

$ ls -l /home/travis/build/fontdirectory/lobstertwo/builds/build/LobsterTwo-Bold.*ttf # look at the size savings of that subset process
/home/travis/build/fontdirectory/lobstertwo/builds/build/LobsterTwo-Bold.ttf: 73880 bytes
/home/travis/build/fontdirectory/lobstertwo/builds/build/LobsterTwo-Bold.autohint.ttf: 114692 bytes
$ mv /home/travis/build/fontdirectory/lobstertwo/builds/build/LobsterTwo-Bold.autohint.ttf /home/travis/build/fontdirectory/lobstertwo/builds/build/LobsterTwo-Bold.ttf
### Subset TTFs (pyftsubset) LobsterTwo-Bold.ttf
$ pyftsubset LobsterTwo-Bold.latin
$ pyftsubset LobsterTwo-Bold.menu
strippedname:/home/travis/build/fontdirectory/lobstertwo/builds/build/LobsterTwo-Bold.ttf
No nbsp glyph
spaceWidth is    215
nbspWidth is     0
LobsterTwo-Bold.ttf.fix made with spaceWidth and nbspWidth of 215
### (5 of 6) Generate METADATA.json (fontbakery-build-metadata.py)
$ fontbakery-build-metadata.py /home/travis/build/fontdirectory/lobstertwo/builds/build
{} exists
Designer's name from font is: Pablo Impallari
Original size: 114036\nGzip size: 46834
Family Name: Lobster Two
PS Name: LobsterTwo
Full Name: LobsterTwo
Style: normal
Weight: 400
Filename: LobsterTwo-Regular.ttf
Copyright: Copyright (c) 2011 by Pablo Impallari. www.impallari.com. All rights reserved.
Family Name: Lobster Two
PS Name: LobsterTwo-Bold
Full Name: LobsterTwo-Bold
Style: normal
Weight: 700
Filename: LobsterTwo-Bold.ttf
Copyright: Copyright (c) 2011 by Pablo Impallari. www.impallari.com. All rights reserved.
Family Name: Lobster Two
PS Name: LobsterTwo-BoldItalic
Full Name: Lobster Two Bold Italic
Style: normal
Weight: 700
Filename: LobsterTwo-BoldItalic.ttf
Copyright: Copyright (c) 2011 by Pablo Impallari. www.impallari.com. All rights reserved.
Family Name: Lobster Two
PS Name: LobsterTwo-Italic
Full Name: LobsterTwo-Italic
Style: normal
Weight: 400
Filename: LobsterTwo-Italic.ttf
Copyright: Copyright (c) 2011 by Pablo Impallari. www.impallari.com. All rights reserved.
### (6 of 6) Run tests for METADATA.json
$ fontbakery-check.py metadata METADATA.json
bakery_lint.tests.metadata_test.MetadataSubsetsListTest.test_charset_latin(): OK
bakery_lint.tests.metadata_test.MetadataSubsetsListTest.test_charset_menu(): OK
bakery_lint.tests.metadata_test.MetadataTest.test_description_is_more_than_500b(): FAIL
bakery_lint.tests.metadata_test.MetadataTest.test_description_is_valid_html(): OK
bakery_lint.tests.metadata_test.MetadataTest.test_does_not_familyName_exist_in_daltonmaag_catalogue(): FAIL
bakery_lint.tests.metadata_test.MetadataTest.test_does_not_familyName_exist_in_fontbureau_catalogue(): OK
bakery_lint.tests.metadata_test.MetadataTest.test_does_not_familyName_exist_in_fontscom_catalogue(): OK
bakery_lint.tests.metadata_test.MetadataTest.test_does_not_familyName_exist_in_fontshop_catalogue(): FAIL
bakery_lint.tests.metadata_test.MetadataTest.test_does_not_familyName_exist_in_fontsmith_catalogue(): FAIL
bakery_lint.tests.metadata_test.MetadataTest.test_does_not_familyName_exist_in_houseind_catalogue(): OK
bakery_lint.tests.metadata_test.MetadataTest.test_does_not_familyName_exist_in_myfonts_catalogue(): FAIL
bakery_lint.tests.metadata_test.MetadataTest.test_does_not_familyName_exist_in_veer_catalogue(): OK
bakery_lint.tests.metadata_test.MetadataTest.test_family_is_listed_in_gwf(): OK
bakery_lint.tests.metadata_test.MetadataTest.test_metadata_atleast_latin_menu_subsets_exist(): OK
/home/travis/virtualenv/python2.7.8/lib/python2.7/site-packages/bakery_lint/tests/metadata_test.py:141: UnicodeWarning: Unicode equal comparison failed to convert both arguments to Unicode - interpreting them as being unequal
  self.assertTrue(designer in designers,
bakery_lint.tests.metadata_test.MetadataTest.test_metadata_designer_exists_in_profiles_csv(): OK
bakery_lint.tests.metadata_test.MetadataTest.test_metadata_fonts_items_dicts(): OK
bakery_lint.tests.metadata_test.MetadataTest.test_metadata_fonts_key_list(): OK
bakery_lint.tests.metadata_test.MetadataTest.test_metadata_fonts_no_dupes(): OK
bakery_lint.tests.metadata_test.MetadataTest.test_metadata_has_unique_style_weight_pairs(): OK
bakery_lint.tests.metadata_test.MetadataTest.test_metadata_keys(): OK
bakery_lint.tests.metadata_test.MetadataTest.test_metadata_license(): OK
bakery_lint.tests.metadata_test.MetadataTest.test_metadata_no_unknown_top_keys(): OK
bakery_lint.tests.metadata_test.MetadataTest.test_metadata_subsets_key_list(): OK
bakery_lint.tests.metadata_test.MetadataTest.test_metadata_top_keys_types(): OK
bakery_lint.tests.downstream.test_metadata_agreements.TestFontOnDiskFamilyEqualToMetadataJSON.test_font_on_disk_family_equal_in_metadata_json(): OK
bakery_lint.tests.downstream.test_metadata_agreements.TestPostScriptNameInMetadataEqualFontOnDisk.test_postscriptname_in_metadata_equal_to_font_on_disk(): OK
bakery_lint.tests.downstream.test_metadata_agreements.CheckMetadataAgreements.test_font_name_matches_family(): OK
bakery_lint.tests.downstream.test_metadata_agreements.CheckMetadataAgreements.test_metadata_family_values_are_all_the_same(): OK
bakery_lint.tests.downstream.test_metadata_agreements.CheckMetadataAgreements.test_metadata_filename_matches_postscriptname(): FAIL
bakery_lint.tests.downstream.test_metadata_agreements.CheckMetadataAgreements.test_metadata_font_have_regular(): OK
bakery_lint.tests.downstream.test_metadata_agreements.CheckMetadataAgreements.test_metadata_fonts_fields_have_fontname(): OK
bakery_lint.tests.downstream.test_metadata_agreements.CheckMetadataAgreements.test_metadata_fullname_is_equal_to_internal_font_fullname(): FAIL
bakery_lint.tests.downstream.test_metadata_agreements.CheckMetadataAgreements.test_metadata_fullname_matches_postScriptName(): OK
bakery_lint.tests.downstream.test_metadata_agreements.CheckMetadataAgreements.test_metadata_regular_is_400(): OK
bakery_lint.tests.downstream.test_metadata_agreements.CheckMetadataAgreements.test_metadata_regular_is_normal(): FAIL
bakery_lint.tests.downstream.test_check_metadata_fields.CheckMetadataFields.test_check_metadata_fields(): OK
bakery_lint.tests.downstream.test_check_metadata_matches_nametable.CheckMetadataMatchesNameTable.test_check_metadata_matches_nametable(): FAIL
bakery_lint.tests.downstream.test_check_glyph_consistency.CheckGlyphConsistencyInFamily.test_the_same_encodings_of_glyphs_across_family(): OK
bakery_lint.tests.downstream.test_check_glyph_consistency.CheckGlyphConsistencyInFamily.test_the_same_names_of_glyphs_across_family(): FAIL
bakery_lint.tests.downstream.test_check_glyph_consistency.CheckGlyphConsistencyInFamily.test_the_same_number_of_glyphs_across_family(): FAIL
bakery_lint.tests.downstream.test_check_canonical_weights.CheckCanonicalWeights.test_check_canonical_weights(): OK
bakery_lint.tests.downstream.test_check_canonical_weights.CheckPostScriptNameMatchesWeight.test_postscriptname_contains_correct_weight(): FAIL
bakery_lint.tests.downstream.test_check_canonical_weights.CheckFontWeightSameAsInMetadata.test_font_weight_same_as_in_metadata(): OK
bakery_lint.tests.downstream.test_check_canonical_weights.CheckFullNameEqualCanonicalName.test_metadata_contains_current_font(): OK
bakery_lint.tests.downstream.test_check_metadata_style_matches_names.CheckItalicStyleMatchesMacStyle.test_check_italic_style_matches_names(): FAIL
bakery_lint.tests.downstream.test_check_metadata_style_matches_names.CheckNormalStyleMatchesMacStyle.test_check_normal_style_matches_names(): OK
bakery_lint.tests.downstream.test_check_text_files_exist.CheckTextFilesExist.test_copyrighttxt_exists(): FAIL
bakery_lint.tests.downstream.test_check_text_files_exist.CheckTextFilesExist.test_description_exists(): OK
bakery_lint.tests.downstream.test_check_text_files_exist.CheckTextFilesExist.test_fontlogtxt_exists(): OK
bakery_lint.tests.downstream.test_check_text_files_exist.CheckTextFilesExist.test_licensetxt_exists(): FAIL
bakery_lint.tests.downstream.test_check_canonical_styles.CheckCanonicalStyles.test_check_canonical_styles(): OK
bakery_lint.tests.downstream.test_check_familyname_matches_fontnames.CheckFamilyNameMatchesFontNames.test_check_familyname_matches_fontnames(): OK
bakery_lint.tests.downstream.test_check_files_menu_agreements.CheckFontsMenuAgreements.test_menu_file_agreement(): OK
bakery_lint.tests.downstream.test_check_subsets_exists.CheckSubsetsExist.test_check_subsets_exists(): OK
bakery_lint.tests.downstream.test_metadata_font_copyright.CheckMetadataContainsReservedFontName.test_copyright_contains_correct_rfn(): FAIL
bakery_lint.tests.downstream.test_metadata_font_copyright.CheckMetadataContainsReservedFontName.test_copyright_is_consistent_across_family(): OK
bakery_lint.tests.downstream.test_metadata_font_copyright.CheckMetadataContainsReservedFontName.test_copyright_matches_pattern(): OK
bakery_lint.tests.downstream.test_metadata_font_copyright.CheckMetadataContainsReservedFontName.test_metadata_copyright_size(): OK
bakery_lint.tests.downstream.test_check_font_name_not_in_camelcase.CheckFontNameNotInCamelCase.test_fontname_not_in_camel_case(): OK
bakery_lint.tests.downstream.test_check_monospace_agreements.CheckMonospaceAgreement.test_check_monospace_agreement(): OK
bakery_lint.tests.downstream.test_check_menu_contains_proper_glyphs.CheckMenuSubsetContainsProperGlyphs.test_check_menu_contains_proper_glyphs(): OK
bakery_lint.tests.downstream.test_check_canonical_filenames.CheckCanonicalFilenames.test_check_canonical_filenames(): OK
{
  "name": "Lobster Two", 
  "designer": "Pablo Impallari", 
  "license": "OFL", 
  "visibility": "External", 
  "category": "Display", 
  "size": 90834, 
  "fonts": [
    {
      "name": "Lobster Two", 
      "postScriptName": "LobsterTwo", 
      "fullName": "LobsterTwo", 
      "style": "normal", 
      "weight": 400, 
      "filename": "LobsterTwo-Regular.ttf", 
      "copyright": "Copyright (c) 2011 by Pablo Impallari. www.impallari.com. All rights reserved."
    }, 
    {
      "name": "Lobster Two", 
      "postScriptName": "LobsterTwo-Bold", 
      "fullName": "LobsterTwo-Bold", 
      "style": "normal", 
      "weight": 700, 
      "filename": "LobsterTwo-Bold.ttf", 
      "copyright": "Copyright (c) 2011 by Pablo Impallari. www.impallari.com. All rights reserved."
    }, 
    {
      "name": "Lobster Two", 
      "postScriptName": "LobsterTwo-BoldItalic", 
      "fullName": "Lobster Two Bold Italic", 
      "style": "normal", 
      "weight": 700, 
      "filename": "LobsterTwo-BoldItalic.ttf", 
      "copyright": "Copyright (c) 2011 by Pablo Impallari. www.impallari.com. All rights reserved."
    }, 
    {
      "name": "Lobster Two", 
      "postScriptName": "LobsterTwo-Italic", 
      "fullName": "LobsterTwo-Italic", 
      "style": "normal", 
      "weight": 400, 
      "filename": "LobsterTwo-Italic.ttf", 
      "copyright": "Copyright (c) 2011 by Pablo Impallari. www.impallari.com. All rights reserved."
    }
  ], 
  "subsets": [
    "latin", 
    "menu"
  ], 
  "dateAdded": "2011-06-21"
}
